Java HotSpot(TM) 64-Bit Server VM (25.231-b11) for bsd-amd64 JRE (1.8.0_231-b11), built on Oct  5 2019 03:15:25 by "java_re" with gcc 4.2.1 (Based on Apple Inc. build 5658) (LLVM build 2336.11.00)
Memory: 4k page, physical 8388608k(576160k free)

/proc/meminfo:

CommandLine flags: -XX:InitialHeapSize=536870912 -XX:MaxHeapSize=536870912 -XX:+PrintGC -XX:+PrintGCDateStamps -XX:+PrintGCDetails -XX:+PrintGCTimeStamps -XX:+UseCompressedClassPointers -XX:+UseCompressedOops -XX:+UseSerialGC 
2020-10-24T14:54:41.900-0800: 0.218: [GC (Allocation Failure) 2020-10-24T14:54:41.900-0800: 0.218: [DefNew: 139776K->17471K(157248K), 0.0348962 secs] 139776K->45949K(506816K), 0.0350688 secs] [Times: user=0.02 sys=0.02, real=0.03 secs] 
2020-10-24T14:54:41.963-0800: 0.281: [GC (Allocation Failure) 2020-10-24T14:54:41.963-0800: 0.281: [DefNew: 156873K->17471K(157248K), 0.0482665 secs] 185351K->94238K(506816K), 0.0483737 secs] [Times: user=0.03 sys=0.02, real=0.05 secs] 
2020-10-24T14:54:42.035-0800: 0.354: [GC (Allocation Failure) 2020-10-24T14:54:42.035-0800: 0.354: [DefNew: 157247K->17471K(157248K), 0.0383722 secs] 234014K->142559K(506816K), 0.0384812 secs] [Times: user=0.03 sys=0.02, real=0.04 secs] 
2020-10-24T14:54:42.098-0800: 0.416: [GC (Allocation Failure) 2020-10-24T14:54:42.098-0800: 0.416: [DefNew: 156739K->17471K(157248K), 0.0380951 secs] 281827K->190838K(506816K), 0.0382100 secs] [Times: user=0.02 sys=0.01, real=0.04 secs] 
2020-10-24T14:54:42.162-0800: 0.480: [GC (Allocation Failure) 2020-10-24T14:54:42.162-0800: 0.480: [DefNew: 156560K->17470K(157248K), 0.0368175 secs] 329927K->234704K(506816K), 0.0369182 secs] [Times: user=0.01 sys=0.02, real=0.03 secs] 
2020-10-24T14:54:42.225-0800: 0.543: [GC (Allocation Failure) 2020-10-24T14:54:42.225-0800: 0.544: [DefNew: 157241K->17471K(157248K), 0.0343586 secs] 374475K->276963K(506816K), 0.0344606 secs] [Times: user=0.02 sys=0.02, real=0.04 secs] 
2020-10-24T14:54:42.284-0800: 0.602: [GC (Allocation Failure) 2020-10-24T14:54:42.284-0800: 0.602: [DefNew: 157247K->17469K(157248K), 0.0365372 secs] 416739K->320585K(506816K), 0.0366323 secs] [Times: user=0.02 sys=0.01, real=0.04 secs] 
2020-10-24T14:54:42.345-0800: 0.663: [GC (Allocation Failure) 2020-10-24T14:54:42.345-0800: 0.664: [DefNew: 157245K->157245K(157248K), 0.0000258 secs]2020-10-24T14:54:42.345-0800: 0.664: [Tenured: 303115K->264032K(349568K), 0.0493102 secs] 460361K->264032K(506816K), [Metaspace: 2734K->2734K(1056768K)], 0.0494732 secs] [Times: user=0.05 sys=0.00, real=0.05 secs] 
2020-10-24T14:54:42.419-0800: 0.737: [GC (Allocation Failure) 2020-10-24T14:54:42.419-0800: 0.737: [DefNew: 139573K->17470K(157248K), 0.0103632 secs] 403606K->317546K(506816K), 0.0105331 secs] [Times: user=0.01 sys=0.01, real=0.02 secs] 
2020-10-24T14:54:42.459-0800: 0.777: [GC (Allocation Failure) 2020-10-24T14:54:42.459-0800: 0.777: [DefNew: 157246K->17472K(157248K), 0.0318656 secs] 457322K->357160K(506816K), 0.0319615 secs] [Times: user=0.02 sys=0.01, real=0.04 secs] 
2020-10-24T14:54:42.513-0800: 0.832: [GC (Allocation Failure) 2020-10-24T14:54:42.514-0800: 0.832: [DefNew: 157248K->157248K(157248K), 0.0000681 secs]2020-10-24T14:54:42.514-0800: 0.832: [Tenured: 339688K->310706K(349568K), 0.0602949 secs] 496936K->310706K(506816K), [Metaspace: 2734K->2734K(1056768K)], 0.0605917 secs] [Times: user=0.05 sys=0.00, real=0.06 secs] 
2020-10-24T14:54:42.598-0800: 0.916: [GC (Allocation Failure) 2020-10-24T14:54:42.598-0800: 0.916: [DefNew: 139776K->139776K(157248K), 0.0000233 secs]2020-10-24T14:54:42.598-0800: 0.916: [Tenured: 310706K->316473K(349568K), 0.0563244 secs] 450482K->316473K(506816K), [Metaspace: 2734K->2734K(1056768K)], 0.0564768 secs] [Times: user=0.05 sys=0.00, real=0.06 secs] 
2020-10-24T14:54:42.679-0800: 0.997: [GC (Allocation Failure) 2020-10-24T14:54:42.679-0800: 0.997: [DefNew: 139776K->139776K(157248K), 0.0000225 secs]2020-10-24T14:54:42.679-0800: 0.997: [Tenured: 316473K->308123K(349568K), 0.0585217 secs] 456249K->308123K(506816K), [Metaspace: 2734K->2734K(1056768K)], 0.0586817 secs] [Times: user=0.05 sys=0.00, real=0.06 secs] 
2020-10-24T14:54:42.763-0800: 1.081: [GC (Allocation Failure) 2020-10-24T14:54:42.763-0800: 1.081: [DefNew: 139776K->17472K(157248K), 0.0090093 secs] 447899K->355412K(506816K), 0.0091285 secs] [Times: user=0.01 sys=0.00, real=0.01 secs] 
Heap
 def new generation   total 157248K, used 23133K [0x00000007a0000000, 0x00000007aaaa0000, 0x00000007aaaa0000)
  eden space 139776K,   4% used [0x00000007a0000000, 0x00000007a05875f8, 0x00000007a8880000)
  from space 17472K, 100% used [0x00000007a8880000, 0x00000007a9990000, 0x00000007a9990000)
  to   space 17472K,   0% used [0x00000007a9990000, 0x00000007a9990000, 0x00000007aaaa0000)
 tenured generation   total 349568K, used 337940K [0x00000007aaaa0000, 0x00000007c0000000, 0x00000007c0000000)
   the space 349568K,  96% used [0x00000007aaaa0000, 0x00000007bf4a52e0, 0x00000007bf4a5400, 0x00000007c0000000)
 Metaspace       used 2740K, capacity 4486K, committed 4864K, reserved 1056768K
  class space    used 296K, capacity 386K, committed 512K, reserved 1048576K
